

*******************************************************************************
Fri Jun 19 14:03:43 2026


FIT:    data read from "err.txt" using 1:4
        format = x:z
        #datapoints = 9
        residuals are weighted equally (unit weight)

function used for fitting: f(x)
	f(x) = a/sqrt(x)
fitted parameters initialized with current variable values

iter      chisq       delta/lim  lambda   a            
   0 2.6459563019e-04   0.00e+00  1.22e-02    1.000000e+00
   3 5.0903525161e-05  -5.17e-03  1.22e-05    5.996588e-01

After 3 iterations the fit converged.
final sum of squares of residuals : 5.09035e-05
rel. change during last iteration : -5.1712e-08

degrees of freedom    (FIT_NDF)                        : 8
rms of residuals      (FIT_STDFIT) = sqrt(WSSR/ndf)    : 0.00252249
variance of residuals (reduced chisquare) = WSSR/ndf   : 6.36294e-06

Final set of parameters            Asymptotic Standard Error
=======================            ==========================
a               = 0.599659         +/- 0.06908      (11.52%)


*******************************************************************************
Fri Jun 19 14:03:43 2026


FIT:    data read from "quasi_err.txt" using 1:4
        format = x:z
        #datapoints = 9
        residuals are weighted equally (unit weight)

function used for fitting: f(x)
	f(x) = a/sqrt(x)
fitted parameters initialized with current variable values

iter      chisq       delta/lim  lambda   a            
   0 7.3177510620e-04   0.00e+00  1.22e-02    1.000000e+00
   3 8.4811034577e-06  -1.05e-01  1.22e-05    2.634648e-01

After 3 iterations the fit converged.
final sum of squares of residuals : 8.4811e-06
rel. change during last iteration : -1.05054e-06

degrees of freedom    (FIT_NDF)                        : 8
rms of residuals      (FIT_STDFIT) = sqrt(WSSR/ndf)    : 0.00102963
variance of residuals (reduced chisquare) = WSSR/ndf   : 1.06014e-06

Final set of parameters            Asymptotic Standard Error
=======================            ==========================
a               = 0.263465         +/- 0.0282       (10.7%)
