

*******************************************************************************
Tue Jun 23 20:25:04 2026


FIT:    data read from "data.txt" using 1:3
        format = x:z
        #datapoints = 8
        residuals are weighted equally (unit weight)

function used for fitting: f(x)
	f(x) = a/x
fitted parameters initialized with current variable values

iter      chisq       delta/lim  lambda   a            
   0 1.6986774871e+06   0.00e+00  7.11e-02    1.000000e+00
   3 1.4743043316e+06  -2.93e-04  7.11e-05    2.356964e+03

After 3 iterations the fit converged.
final sum of squares of residuals : 1.4743e+06
rel. change during last iteration : -2.92842e-09

degrees of freedom    (FIT_NDF)                        : 7
rms of residuals      (FIT_STDFIT) = sqrt(WSSR/ndf)    : 458.928
variance of residuals (reduced chisquare) = WSSR/ndf   : 210615

Final set of parameters            Asymptotic Standard Error
=======================            ==========================
a               = 2356.96          +/- 2283         (96.84%)


*******************************************************************************
Tue Jun 23 20:25:39 2026


FIT:    data read from "data.txt" using 1:3
        format = x:z
        #datapoints = 8
        residuals are weighted equally (unit weight)

function used for fitting: f(x)
	f(x) = a/x
fitted parameters initialized with current variable values

iter      chisq       delta/lim  lambda   a            
   0 1.6986774871e+06   0.00e+00  7.11e-02    1.000000e+00
   3 1.4743043316e+06  -2.93e-04  7.11e-05    2.356964e+03

After 3 iterations the fit converged.
final sum of squares of residuals : 1.4743e+06
rel. change during last iteration : -2.92842e-09

degrees of freedom    (FIT_NDF)                        : 7
rms of residuals      (FIT_STDFIT) = sqrt(WSSR/ndf)    : 458.928
variance of residuals (reduced chisquare) = WSSR/ndf   : 210615

Final set of parameters            Asymptotic Standard Error
=======================            ==========================
a               = 2356.96          +/- 2283         (96.84%)


*******************************************************************************
Tue Jun 23 20:29:19 2026


FIT:    data read from "data.txt" using 1:3
        format = x:z
        #datapoints = 8
        residuals are weighted equally (unit weight)

function used for fitting: f(x)
	f(x) = a/x + b
fitted parameters initialized with current variable values

iter      chisq       delta/lim  lambda   a             b            
   0 1.6923619461e+06   0.00e+00  7.09e-01    1.000000e+00   1.000000e+00
   4 4.4847119455e+05  -3.67e-06  7.09e-05    1.349537e+02   3.913785e+02

After 4 iterations the fit converged.
final sum of squares of residuals : 448471
rel. change during last iteration : -3.67173e-11

degrees of freedom    (FIT_NDF)                        : 6
rms of residuals      (FIT_STDFIT) = sqrt(WSSR/ndf)    : 273.396
variance of residuals (reduced chisquare) = WSSR/ndf   : 74745.2

Final set of parameters            Asymptotic Standard Error
=======================            ==========================
a               = 134.954          +/- 1486         (1101%)
b               = 391.379          +/- 105.6        (26.99%)

correlation matrix of the fit parameters:
                a      b      
a               1.000 
b              -0.404  1.000 


*******************************************************************************
Tue Jun 23 20:29:46 2026


FIT:    data read from "data.txt" using 1:3
        format = x:z
        #datapoints = 8
        residuals are weighted equally (unit weight)

function used for fitting: f(x)
	f(x) = a/(x + b)
fitted parameters initialized with current variable values

iter      chisq       delta/lim  lambda   a             b            
   0 1.6987022818e+06   0.00e+00  4.25e-02    1.000000e+00   1.000000e+00
  87 1.6336556334e+06  -8.34e-01  4.25e-02    2.847672e+02  -7.488353e+02

After 87 iterations the fit converged.
final sum of squares of residuals : 1.63366e+06
rel. change during last iteration : -8.33607e-06

degrees of freedom    (FIT_NDF)                        : 6
rms of residuals      (FIT_STDFIT) = sqrt(WSSR/ndf)    : 521.801
variance of residuals (reduced chisquare) = WSSR/ndf   : 272276

Final set of parameters            Asymptotic Standard Error
=======================            ==========================
a               = 284.767          +/- 8.023e+04    (2.817e+04%)
b               = -748.835         +/- 117.2        (15.65%)

correlation matrix of the fit parameters:
                a      b      
a               1.000 
b               1.000  1.000 


*******************************************************************************
Tue Jun 23 20:31:48 2026


FIT:    data read from "data.txt" using 1:3
        format = x:z
        #datapoints = 6
        residuals are weighted equally (unit weight)

function used for fitting: f(x)
	f(x) = a/x + b
fitted parameters initialized with current variable values

iter      chisq       delta/lim  lambda   a             b            
   0 5.4961578569e+05   0.00e+00  7.07e-01    1.000000e+00   1.000000e+00
   6 7.7513805601e+03  -9.38e-05  7.07e-07    3.275783e+04   2.471334e+02

After 6 iterations the fit converged.
final sum of squares of residuals : 7751.38
rel. change during last iteration : -9.37902e-10

degrees of freedom    (FIT_NDF)                        : 4
rms of residuals      (FIT_STDFIT) = sqrt(WSSR/ndf)    : 44.021
variance of residuals (reduced chisquare) = WSSR/ndf   : 1937.85

Final set of parameters            Asymptotic Standard Error
=======================            ==========================
a               = 32757.8          +/- 1.516e+04    (46.28%)
b               = 247.133          +/- 29.99        (12.13%)

correlation matrix of the fit parameters:
                a      b      
a               1.000 
b              -0.801  1.000 


*******************************************************************************
Tue Jun 23 20:32:33 2026


FIT:    data read from "data.txt" using 1:3
        format = x:z
        #datapoints = 8
        residuals are weighted equally (unit weight)

function used for fitting: f(x)
	f(x) = a/x + b
fitted parameters initialized with current variable values

iter      chisq       delta/lim  lambda   a             b            
   0 1.6923619461e+06   0.00e+00  7.09e-01    1.000000e+00   1.000000e+00
   4 4.4847119455e+05  -3.67e-06  7.09e-05    1.349537e+02   3.913785e+02

After 4 iterations the fit converged.
final sum of squares of residuals : 448471
rel. change during last iteration : -3.67173e-11

degrees of freedom    (FIT_NDF)                        : 6
rms of residuals      (FIT_STDFIT) = sqrt(WSSR/ndf)    : 273.396
variance of residuals (reduced chisquare) = WSSR/ndf   : 74745.2

Final set of parameters            Asymptotic Standard Error
=======================            ==========================
a               = 134.954          +/- 1486         (1101%)
b               = 391.379          +/- 105.6        (26.99%)

correlation matrix of the fit parameters:
                a      b      
a               1.000 
b              -0.404  1.000 


*******************************************************************************
Tue Jun 23 20:32:54 2026


FIT:    data read from "data.txt" using 1:3
        format = x:z
        #datapoints = 7
        residuals are weighted equally (unit weight)

function used for fitting: f(x)
	f(x) = a/x + b
fitted parameters initialized with current variable values

iter      chisq       delta/lim  lambda   a             b            
   0 1.5636245061e+06   0.00e+00  7.07e-01    1.000000e+00   1.000000e+00
   5 8.0213109596e+03  -2.78e-01  7.07e-06    3.833598e+04   2.387270e+02

After 5 iterations the fit converged.
final sum of squares of residuals : 8021.31
rel. change during last iteration : -2.78329e-06

degrees of freedom    (FIT_NDF)                        : 5
rms of residuals      (FIT_STDFIT) = sqrt(WSSR/ndf)    : 40.0532
variance of residuals (reduced chisquare) = WSSR/ndf   : 1604.26

Final set of parameters            Asymptotic Standard Error
=======================            ==========================
a               = 38336            +/- 2316         (6.041%)
b               = 238.727          +/- 18.01        (7.545%)

correlation matrix of the fit parameters:
                a      b      
a               1.000 
b              -0.542  1.000 


*******************************************************************************
Tue Jun 23 20:33:17 2026


FIT:    data read from "data.txt" using 1:3
        format = x:z
        #datapoints = 9
        residuals are weighted equally (unit weight)

function used for fitting: f(x)
	f(x) = a/x + b
fitted parameters initialized with current variable values

iter      chisq       delta/lim  lambda   a             b            
   0 1.6558188462e+06   0.00e+00  7.07e-01    1.000000e+00   1.000000e+00
   5 1.7342486193e+05  -6.66e-03  7.07e-06    3.155356e+04   2.007032e+02

After 5 iterations the fit converged.
final sum of squares of residuals : 173425
rel. change during last iteration : -6.65738e-08

degrees of freedom    (FIT_NDF)                        : 7
rms of residuals      (FIT_STDFIT) = sqrt(WSSR/ndf)    : 157.401
variance of residuals (reduced chisquare) = WSSR/ndf   : 24775

Final set of parameters            Asymptotic Standard Error
=======================            ==========================
a               = 31553.6          +/- 8678         (27.5%)
b               = 200.703          +/- 68.22        (33.99%)

correlation matrix of the fit parameters:
                a      b      
a               1.000 
b              -0.639  1.000 


*******************************************************************************
Tue Jun 23 20:34:06 2026


FIT:    data read from "data.txt" using 1:3
        format = x:z
        #datapoints = 9
        residuals are weighted equally (unit weight)

function used for fitting: f(x)
	f(x) = a/x + b
fitted parameters initialized with current variable values

iter      chisq       delta/lim  lambda   a             b            
   0 1.7905628028e+06   0.00e+00  7.07e-01    1.000000e+00   1.000000e+00
   5 6.0634912702e+04  -3.37e-02  7.07e-06    3.762122e+04   2.088066e+02

After 5 iterations the fit converged.
final sum of squares of residuals : 60634.9
rel. change during last iteration : -3.36891e-07

degrees of freedom    (FIT_NDF)                        : 7
rms of residuals      (FIT_STDFIT) = sqrt(WSSR/ndf)    : 93.0706
variance of residuals (reduced chisquare) = WSSR/ndf   : 8662.13

Final set of parameters            Asymptotic Standard Error
=======================            ==========================
a               = 37621.2          +/- 5333         (14.17%)
b               = 208.807          +/- 39.46        (18.9%)

correlation matrix of the fit parameters:
                a      b      
a               1.000 
b              -0.618  1.000 


*******************************************************************************
Tue Jun 23 20:35:30 2026


FIT:    data read from "data.txt" using 1:3
        format = x:z
        #datapoints = 9
        residuals are weighted equally (unit weight)

function used for fitting: f(x)
	f(x) = a/x + b
fitted parameters initialized with current variable values

iter      chisq       delta/lim  lambda   a             b            
   0 1.7905628028e+06   0.00e+00  7.07e-01    1.000000e+00   1.000000e+00
   5 6.0634912702e+04  -3.37e-02  7.07e-06    3.762122e+04   2.088066e+02

After 5 iterations the fit converged.
final sum of squares of residuals : 60634.9
rel. change during last iteration : -3.36891e-07

degrees of freedom    (FIT_NDF)                        : 7
rms of residuals      (FIT_STDFIT) = sqrt(WSSR/ndf)    : 93.0706
variance of residuals (reduced chisquare) = WSSR/ndf   : 8662.13

Final set of parameters            Asymptotic Standard Error
=======================            ==========================
a               = 37621.2          +/- 5333         (14.17%)
b               = 208.807          +/- 39.46        (18.9%)

correlation matrix of the fit parameters:
                a      b      
a               1.000 
b              -0.618  1.000 


*******************************************************************************
Tue Jun 23 20:36:10 2026


FIT:    data read from "data.txt" using 1:3
        format = x:z
        #datapoints = 8
        residuals are weighted equally (unit weight)

function used for fitting: f(x)
	f(x) = a/x + b
fitted parameters initialized with current variable values

iter      chisq       delta/lim  lambda   a             b            
   0 1.7563396528e+06   0.00e+00  7.07e-01    1.000000e+00   1.000000e+00
   5 1.0556653032e+04  -1.97e-01  7.07e-06    3.795321e+04   2.336699e+02

After 5 iterations the fit converged.
final sum of squares of residuals : 10556.7
rel. change during last iteration : -1.97308e-06

degrees of freedom    (FIT_NDF)                        : 6
rms of residuals      (FIT_STDFIT) = sqrt(WSSR/ndf)    : 41.9457
variance of residuals (reduced chisquare) = WSSR/ndf   : 1759.44

Final set of parameters            Asymptotic Standard Error
=======================            ==========================
a               = 37953.2          +/- 2404         (6.334%)
b               = 233.67           +/- 18.39        (7.869%)

correlation matrix of the fit parameters:
                a      b      
a               1.000 
b              -0.591  1.000 


*******************************************************************************
Tue Jun 23 20:36:28 2026


FIT:    data read from "data.txt" using 1:3
        format = x:z
        #datapoints = 8
        residuals are weighted equally (unit weight)

function used for fitting: f(x)
	f(x) = a/x + b
fitted parameters initialized with current variable values

iter      chisq       delta/lim  lambda   a             b            
   0 1.0253283330e+06   0.00e+00  7.07e-01    1.000000e+00   1.000000e+00
   5 1.9014799157e+04  -2.29e-03  7.07e-06    1.067698e+04   2.909330e+02

After 5 iterations the fit converged.
final sum of squares of residuals : 19014.8
rel. change during last iteration : -2.2887e-08

degrees of freedom    (FIT_NDF)                        : 6
rms of residuals      (FIT_STDFIT) = sqrt(WSSR/ndf)    : 56.2951
variance of residuals (reduced chisquare) = WSSR/ndf   : 3169.13

Final set of parameters            Asymptotic Standard Error
=======================            ==========================
a               = 10677            +/- 2567         (24.04%)
b               = 290.933          +/- 23.89        (8.21%)

correlation matrix of the fit parameters:
                a      b      
a               1.000 
b              -0.553  1.000 


*******************************************************************************
Tue Jun 23 20:37:05 2026


FIT:    data read from "data.txt" using 1:3
        format = x:z
        #datapoints = 9
        residuals are weighted equally (unit weight)

function used for fitting: f(x)
	f(x) = a/x + b
fitted parameters initialized with current variable values

iter      chisq       delta/lim  lambda   a             b            
   0 1.0595514831e+06   0.00e+00  7.07e-01    1.000000e+00   1.000000e+00
   5 4.1293541783e+04  -1.06e-03  7.07e-06    1.071964e+04   2.731233e+02

After 5 iterations the fit converged.
final sum of squares of residuals : 41293.5
rel. change during last iteration : -1.0622e-08

degrees of freedom    (FIT_NDF)                        : 7
rms of residuals      (FIT_STDFIT) = sqrt(WSSR/ndf)    : 76.8055
variance of residuals (reduced chisquare) = WSSR/ndf   : 5899.08

Final set of parameters            Asymptotic Standard Error
=======================            ==========================
a               = 10719.6          +/- 3502         (32.67%)
b               = 273.123          +/- 31.27        (11.45%)

correlation matrix of the fit parameters:
                a      b      
a               1.000 
b              -0.574  1.000 


*******************************************************************************
Tue Jun 23 20:37:45 2026


FIT:    data read from "data.txt" using 1:3
        format = x:z
        #datapoints = 9
        residuals are weighted equally (unit weight)

function used for fitting: f(x)
	f(x) = a/x + b
fitted parameters initialized with current variable values

iter      chisq       delta/lim  lambda   a             b            
   0 1.0595514831e+06   0.00e+00  7.07e-01    1.000000e+00   1.000000e+00
   5 4.1293541783e+04  -1.06e-03  7.07e-06    1.071964e+04   2.731233e+02

After 5 iterations the fit converged.
final sum of squares of residuals : 41293.5
rel. change during last iteration : -1.0622e-08

degrees of freedom    (FIT_NDF)                        : 7
rms of residuals      (FIT_STDFIT) = sqrt(WSSR/ndf)    : 76.8055
variance of residuals (reduced chisquare) = WSSR/ndf   : 5899.08

Final set of parameters            Asymptotic Standard Error
=======================            ==========================
a               = 10719.6          +/- 3502         (32.67%)
b               = 273.123          +/- 31.27        (11.45%)

correlation matrix of the fit parameters:
                a      b      
a               1.000 
b              -0.574  1.000 


*******************************************************************************
Tue Jun 23 20:38:45 2026


FIT:    data read from "data.txt" using 1:3
        format = x:z
        #datapoints = 9
        residuals are weighted equally (unit weight)

function used for fitting: f(x)
	f(x) = a/x + b
fitted parameters initialized with current variable values

iter      chisq       delta/lim  lambda   a             b            
   0 1.0595514831e+06   0.00e+00  7.07e-01    1.000000e+00   1.000000e+00
   5 4.1293541783e+04  -1.06e-03  7.07e-06    1.071964e+04   2.731233e+02

After 5 iterations the fit converged.
final sum of squares of residuals : 41293.5
rel. change during last iteration : -1.0622e-08

degrees of freedom    (FIT_NDF)                        : 7
rms of residuals      (FIT_STDFIT) = sqrt(WSSR/ndf)    : 76.8055
variance of residuals (reduced chisquare) = WSSR/ndf   : 5899.08

Final set of parameters            Asymptotic Standard Error
=======================            ==========================
a               = 10719.6          +/- 3502         (32.67%)
b               = 273.123          +/- 31.27        (11.45%)

correlation matrix of the fit parameters:
                a      b      
a               1.000 
b              -0.574  1.000 


*******************************************************************************
Wed Jun 24 11:52:31 2026


FIT:    data read from "data.txt" using 1:2
        format = x:z
        #datapoints = 9
        residuals are weighted equally (unit weight)

function used for fitting: f(x)
	f(x) = a*x + b
fitted parameters initialized with current variable values

iter      chisq       delta/lim  lambda   a             b            
   0 1.3786640000e+06   0.00e+00  6.75e+02    1.000000e+00   1.000000e+00
   6 1.9113523000e+04  -2.08e-03  6.75e-04    5.245249e-01   9.503173e+01

After 6 iterations the fit converged.
final sum of squares of residuals : 19113.5
rel. change during last iteration : -2.07936e-08

degrees of freedom    (FIT_NDF)                        : 7
rms of residuals      (FIT_STDFIT) = sqrt(WSSR/ndf)    : 52.2542
variance of residuals (reduced chisquare) = WSSR/ndf   : 2730.5

Final set of parameters            Asymptotic Standard Error
=======================            ==========================
a               = 0.524525         +/- 0.02734      (5.213%)
b               = 95.0317          +/- 26.08        (27.45%)

correlation matrix of the fit parameters:
                a      b      
a               1.000 
b              -0.744  1.000 


*******************************************************************************
Wed Jun 24 11:52:31 2026


FIT:    data read from "data.txt" using 1:3
        format = x:z
        #datapoints = 9
        residuals are weighted equally (unit weight)

function used for fitting: f(x)
	f(x) = a/x + b
fitted parameters initialized with current variable values

iter      chisq       delta/lim  lambda   a             b            
   0 1.0595514831e+06   0.00e+00  7.07e-01    1.000000e+00   1.000000e+00
   5 4.1293541783e+04  -1.06e-03  7.07e-06    1.071964e+04   2.731233e+02

After 5 iterations the fit converged.
final sum of squares of residuals : 41293.5
rel. change during last iteration : -1.0622e-08

degrees of freedom    (FIT_NDF)                        : 7
rms of residuals      (FIT_STDFIT) = sqrt(WSSR/ndf)    : 76.8055
variance of residuals (reduced chisquare) = WSSR/ndf   : 5899.08

Final set of parameters            Asymptotic Standard Error
=======================            ==========================
a               = 10719.6          +/- 3502         (32.67%)
b               = 273.123          +/- 31.27        (11.45%)

correlation matrix of the fit parameters:
                a      b      
a               1.000 
b              -0.574  1.000 


*******************************************************************************
Wed Jun 24 11:56:57 2026


FIT:    data read from "data.txt" using 1:2
        format = x:z
        #datapoints = 9
        residuals are weighted equally (unit weight)

function used for fitting: f(x)
	f(x) = a*x + b
fitted parameters initialized with current variable values

iter      chisq       delta/lim  lambda   a             b            
   0 1.7553140000e+06   0.00e+00  6.75e+02    1.000000e+00   1.000000e+00
   6 1.4140527545e+04  -2.33e-03  6.75e-04    4.760227e-01   8.657946e+01

After 6 iterations the fit converged.
final sum of squares of residuals : 14140.5
rel. change during last iteration : -2.32807e-08

degrees of freedom    (FIT_NDF)                        : 7
rms of residuals      (FIT_STDFIT) = sqrt(WSSR/ndf)    : 44.9452
variance of residuals (reduced chisquare) = WSSR/ndf   : 2020.08

Final set of parameters            Asymptotic Standard Error
=======================            ==========================
a               = 0.476023         +/- 0.02352      (4.941%)
b               = 86.5795          +/- 22.43        (25.91%)

correlation matrix of the fit parameters:
                a      b      
a               1.000 
b              -0.744  1.000 


*******************************************************************************
Wed Jun 24 11:56:57 2026


FIT:    data read from "data.txt" using 1:3
        format = x:z
        #datapoints = 9
        residuals are weighted equally (unit weight)

function used for fitting: f(x)
	f(x) = a/x + b
fitted parameters initialized with current variable values

iter      chisq       delta/lim  lambda   a             b            
   0 1.0595514831e+06   0.00e+00  7.07e-01    1.000000e+00   1.000000e+00
   5 4.1293541783e+04  -1.06e-03  7.07e-06    1.071964e+04   2.731233e+02

After 5 iterations the fit converged.
final sum of squares of residuals : 41293.5
rel. change during last iteration : -1.0622e-08

degrees of freedom    (FIT_NDF)                        : 7
rms of residuals      (FIT_STDFIT) = sqrt(WSSR/ndf)    : 76.8055
variance of residuals (reduced chisquare) = WSSR/ndf   : 5899.08

Final set of parameters            Asymptotic Standard Error
=======================            ==========================
a               = 10719.6          +/- 3502         (32.67%)
b               = 273.123          +/- 31.27        (11.45%)

correlation matrix of the fit parameters:
                a      b      
a               1.000 
b              -0.574  1.000 


*******************************************************************************
Wed Jun 24 11:57:26 2026


FIT:    data read from "data.txt" using 1:2
        format = x:z
        #datapoints = 9
        residuals are weighted equally (unit weight)

function used for fitting: f(x)
	f(x) = a*x + b
fitted parameters initialized with current variable values

iter      chisq       delta/lim  lambda   a             b            
   0 1.7051170000e+06   0.00e+00  6.75e+02    1.000000e+00   1.000000e+00
   6 2.0961020508e+04  -1.82e-03  6.75e-04    4.792865e-01   9.303995e+01

After 6 iterations the fit converged.
final sum of squares of residuals : 20961
rel. change during last iteration : -1.81662e-08

degrees of freedom    (FIT_NDF)                        : 7
rms of residuals      (FIT_STDFIT) = sqrt(WSSR/ndf)    : 54.7214
variance of residuals (reduced chisquare) = WSSR/ndf   : 2994.43

Final set of parameters            Asymptotic Standard Error
=======================            ==========================
a               = 0.479286         +/- 0.02863      (5.974%)
b               = 93.0399          +/- 27.31        (29.36%)

correlation matrix of the fit parameters:
                a      b      
a               1.000 
b              -0.744  1.000 


*******************************************************************************
Wed Jun 24 11:57:26 2026


FIT:    data read from "data.txt" using 1:3
        format = x:z
        #datapoints = 9
        residuals are weighted equally (unit weight)

function used for fitting: f(x)
	f(x) = a/x + b
fitted parameters initialized with current variable values

iter      chisq       delta/lim  lambda   a             b            
   0 1.0595514831e+06   0.00e+00  7.07e-01    1.000000e+00   1.000000e+00
   5 4.1293541783e+04  -1.06e-03  7.07e-06    1.071964e+04   2.731233e+02

After 5 iterations the fit converged.
final sum of squares of residuals : 41293.5
rel. change during last iteration : -1.0622e-08

degrees of freedom    (FIT_NDF)                        : 7
rms of residuals      (FIT_STDFIT) = sqrt(WSSR/ndf)    : 76.8055
variance of residuals (reduced chisquare) = WSSR/ndf   : 5899.08

Final set of parameters            Asymptotic Standard Error
=======================            ==========================
a               = 10719.6          +/- 3502         (32.67%)
b               = 273.123          +/- 31.27        (11.45%)

correlation matrix of the fit parameters:
                a      b      
a               1.000 
b              -0.574  1.000 


*******************************************************************************
Wed Jun 24 12:24:38 2026


FIT:    data read from "data.txt" using 1:2
        format = x:z
        #datapoints = 9
        residuals are weighted equally (unit weight)

function used for fitting: f(x)
	f(x) = a*x + b
fitted parameters initialized with current variable values

iter      chisq       delta/lim  lambda   a             b            
   0 1.4478610000e+06   0.00e+00  6.75e+02    1.000000e+00   1.000000e+00
   6 4.6239041564e+04  -1.18e-03  6.75e-04    5.075680e-01   1.111822e+02

After 6 iterations the fit converged.
final sum of squares of residuals : 46239
rel. change during last iteration : -1.18015e-08

degrees of freedom    (FIT_NDF)                        : 7
rms of residuals      (FIT_STDFIT) = sqrt(WSSR/ndf)    : 81.2747
variance of residuals (reduced chisquare) = WSSR/ndf   : 6605.58

Final set of parameters            Asymptotic Standard Error
=======================            ==========================
a               = 0.507568         +/- 0.04253      (8.379%)
b               = 111.182          +/- 40.57        (36.49%)

correlation matrix of the fit parameters:
                a      b      
a               1.000 
b              -0.744  1.000 


*******************************************************************************
Wed Jun 24 12:24:38 2026


FIT:    data read from "data.txt" using 1:3
        format = x:z
        #datapoints = 9
        residuals are weighted equally (unit weight)

function used for fitting: f(x)
	f(x) = a/x + b
fitted parameters initialized with current variable values

iter      chisq       delta/lim  lambda   a             b            
   0 1.0595514831e+06   0.00e+00  7.07e-01    1.000000e+00   1.000000e+00
   5 4.1293541783e+04  -1.06e-03  7.07e-06    1.071964e+04   2.731233e+02

After 5 iterations the fit converged.
final sum of squares of residuals : 41293.5
rel. change during last iteration : -1.0622e-08

degrees of freedom    (FIT_NDF)                        : 7
rms of residuals      (FIT_STDFIT) = sqrt(WSSR/ndf)    : 76.8055
variance of residuals (reduced chisquare) = WSSR/ndf   : 5899.08

Final set of parameters            Asymptotic Standard Error
=======================            ==========================
a               = 10719.6          +/- 3502         (32.67%)
b               = 273.123          +/- 31.27        (11.45%)

correlation matrix of the fit parameters:
                a      b      
a               1.000 
b              -0.574  1.000 


*******************************************************************************
Wed Jun 24 12:27:01 2026


FIT:    data read from "data.txt" using 1:2
        format = x:z
        #datapoints = 9
        residuals are weighted equally (unit weight)

function used for fitting: f(x)
	f(x) = a*x + b
fitted parameters initialized with current variable values

iter      chisq       delta/lim  lambda   a             b            
   0 5.2719880000e+07   0.00e+00  6.75e+02    1.000000e+00   1.000000e+00
   6 4.4643569651e+07  -6.35e-06  6.75e-04    2.173306e+00  -2.500476e+02

After 6 iterations the fit converged.
final sum of squares of residuals : 4.46436e+07
rel. change during last iteration : -6.34567e-11

degrees of freedom    (FIT_NDF)                        : 7
rms of residuals      (FIT_STDFIT) = sqrt(WSSR/ndf)    : 2525.4
variance of residuals (reduced chisquare) = WSSR/ndf   : 6.37765e+06

Final set of parameters            Asymptotic Standard Error
=======================            ==========================
a               = 2.17331          +/- 1.321        (60.8%)
b               = -250.048         +/- 1261         (504.1%)

correlation matrix of the fit parameters:
                a      b      
a               1.000 
b              -0.744  1.000 


*******************************************************************************
Wed Jun 24 12:27:01 2026


FIT:    data read from "data.txt" using 1:3
        format = x:z
        #datapoints = 9
        residuals are weighted equally (unit weight)

function used for fitting: f(x)
	f(x) = a/x + b
fitted parameters initialized with current variable values

iter      chisq       delta/lim  lambda   a             b            
   0 1.2265959367e+08   0.00e+00  7.07e-01    1.000000e+00   1.000000e+00
   5 9.9561875694e+07  -2.38e-05  7.07e-06   -7.869721e+04   1.899799e+03

After 5 iterations the fit converged.
final sum of squares of residuals : 9.95619e+07
rel. change during last iteration : -2.37611e-10

degrees of freedom    (FIT_NDF)                        : 7
rms of residuals      (FIT_STDFIT) = sqrt(WSSR/ndf)    : 3771.36
variance of residuals (reduced chisquare) = WSSR/ndf   : 1.42231e+07

Final set of parameters            Asymptotic Standard Error
=======================            ==========================
a               = -78697.2         +/- 1.719e+05    (218.5%)
b               = 1899.8           +/- 1536         (80.83%)

correlation matrix of the fit parameters:
                a      b      
a               1.000 
b              -0.574  1.000 


*******************************************************************************
Wed Jun 24 12:27:38 2026


FIT:    data read from "data.txt" using 1:2
        format = x:z
        #datapoints = 8
        residuals are weighted equally (unit weight)

function used for fitting: f(x)
	f(x) = a*x + b
fitted parameters initialized with current variable values

iter      chisq       delta/lim  lambda   a             b            
   0 5.0896224000e+07   0.00e+00  5.12e+02    1.000000e+00   1.000000e+00
   6 2.2002612526e+07  -5.97e-05  5.12e-04    4.699557e+00  -1.276632e+03

After 6 iterations the fit converged.
final sum of squares of residuals : 2.20026e+07
rel. change during last iteration : -5.968e-10

degrees of freedom    (FIT_NDF)                        : 6
rms of residuals      (FIT_STDFIT) = sqrt(WSSR/ndf)    : 1914.97
variance of residuals (reduced chisquare) = WSSR/ndf   : 3.6671e+06

Final set of parameters            Asymptotic Standard Error
=======================            ==========================
a               = 4.69956          +/- 1.435        (30.54%)
b               = -1276.63         +/- 1039         (81.36%)

correlation matrix of the fit parameters:
                a      b      
a               1.000 
b              -0.758  1.000 


*******************************************************************************
Wed Jun 24 12:27:38 2026


FIT:    data read from "data.txt" using 1:3
        format = x:z
        #datapoints = 8
        residuals are weighted equally (unit weight)

function used for fitting: f(x)
	f(x) = a/x + b
fitted parameters initialized with current variable values

iter      chisq       delta/lim  lambda   a             b            
   0 1.2263170484e+08   0.00e+00  7.07e-01    1.000000e+00   1.000000e+00
   5 9.6169409900e+07  -4.45e-05  7.07e-06   -9.798629e+04   2.221463e+03

After 5 iterations the fit converged.
final sum of squares of residuals : 9.61694e+07
rel. change during last iteration : -4.44502e-10

degrees of freedom    (FIT_NDF)                        : 6
rms of residuals      (FIT_STDFIT) = sqrt(WSSR/ndf)    : 4003.53
variance of residuals (reduced chisquare) = WSSR/ndf   : 1.60282e+07

Final set of parameters            Asymptotic Standard Error
=======================            ==========================
a               = -97986.3         +/- 1.873e+05    (191.1%)
b               = 2221.46          +/- 1774         (79.85%)

correlation matrix of the fit parameters:
                a      b      
a               1.000 
b              -0.603  1.000 


*******************************************************************************
Wed Jun 24 12:28:10 2026


FIT:    data read from "data.txt" using 1:2
        format = x:z
        #datapoints = 9
        residuals are weighted equally (unit weight)

function used for fitting: f(x)
	f(x) = a*x + b
fitted parameters initialized with current variable values

iter      chisq       delta/lim  lambda   a             b            
   0 1.7088240000e+06   0.00e+00  6.75e+02    1.000000e+00   1.000000e+00
   6 3.1631132578e+04  -1.37e-03  6.75e-04    4.760528e-01   9.922474e+01

After 6 iterations the fit converged.
final sum of squares of residuals : 31631.1
rel. change during last iteration : -1.37104e-08

degrees of freedom    (FIT_NDF)                        : 7
rms of residuals      (FIT_STDFIT) = sqrt(WSSR/ndf)    : 67.2215
variance of residuals (reduced chisquare) = WSSR/ndf   : 4518.73

Final set of parameters            Asymptotic Standard Error
=======================            ==========================
a               = 0.476053         +/- 0.03517      (7.389%)
b               = 99.2247          +/- 33.55        (33.81%)

correlation matrix of the fit parameters:
                a      b      
a               1.000 
b              -0.744  1.000 


*******************************************************************************
Wed Jun 24 12:28:10 2026


FIT:    data read from "data.txt" using 1:3
        format = x:z
        #datapoints = 9
        residuals are weighted equally (unit weight)

function used for fitting: f(x)
	f(x) = a/x + b
fitted parameters initialized with current variable values

iter      chisq       delta/lim  lambda   a             b            
   0 1.0595514831e+06   0.00e+00  7.07e-01    1.000000e+00   1.000000e+00
   5 4.1293541783e+04  -1.06e-03  7.07e-06    1.071964e+04   2.731233e+02

After 5 iterations the fit converged.
final sum of squares of residuals : 41293.5
rel. change during last iteration : -1.0622e-08

degrees of freedom    (FIT_NDF)                        : 7
rms of residuals      (FIT_STDFIT) = sqrt(WSSR/ndf)    : 76.8055
variance of residuals (reduced chisquare) = WSSR/ndf   : 5899.08

Final set of parameters            Asymptotic Standard Error
=======================            ==========================
a               = 10719.6          +/- 3502         (32.67%)
b               = 273.123          +/- 31.27        (11.45%)

correlation matrix of the fit parameters:
                a      b      
a               1.000 
b              -0.574  1.000 


*******************************************************************************
Wed Jun 24 12:28:51 2026


FIT:    data read from "data.txt" using 1:2
        format = x:z
        #datapoints = 9
        residuals are weighted equally (unit weight)

function used for fitting: f(x)
	f(x) = a*x + b
fitted parameters initialized with current variable values

iter      chisq       delta/lim  lambda   a             b            
   0 1.8838260000e+06   0.00e+00  6.75e+02    1.000000e+00   1.000000e+00
   6 2.1084404879e+04  -1.84e-03  6.75e-04    4.549943e-01   9.395408e+01

After 6 iterations the fit converged.
final sum of squares of residuals : 21084.4
rel. change during last iteration : -1.84204e-08

degrees of freedom    (FIT_NDF)                        : 7
rms of residuals      (FIT_STDFIT) = sqrt(WSSR/ndf)    : 54.8822
variance of residuals (reduced chisquare) = WSSR/ndf   : 3012.06

Final set of parameters            Asymptotic Standard Error
=======================            ==========================
a               = 0.454994         +/- 0.02872      (6.312%)
b               = 93.9541          +/- 27.39        (29.16%)

correlation matrix of the fit parameters:
                a      b      
a               1.000 
b              -0.744  1.000 


*******************************************************************************
Wed Jun 24 12:28:51 2026


FIT:    data read from "data.txt" using 1:3
        format = x:z
        #datapoints = 9
        residuals are weighted equally (unit weight)

function used for fitting: f(x)
	f(x) = a/x + b
fitted parameters initialized with current variable values

iter      chisq       delta/lim  lambda   a             b            
   0 1.0595514831e+06   0.00e+00  7.07e-01    1.000000e+00   1.000000e+00
   5 4.1293541783e+04  -1.06e-03  7.07e-06    1.071964e+04   2.731233e+02

After 5 iterations the fit converged.
final sum of squares of residuals : 41293.5
rel. change during last iteration : -1.0622e-08

degrees of freedom    (FIT_NDF)                        : 7
rms of residuals      (FIT_STDFIT) = sqrt(WSSR/ndf)    : 76.8055
variance of residuals (reduced chisquare) = WSSR/ndf   : 5899.08

Final set of parameters            Asymptotic Standard Error
=======================            ==========================
a               = 10719.6          +/- 3502         (32.67%)
b               = 273.123          +/- 31.27        (11.45%)

correlation matrix of the fit parameters:
                a      b      
a               1.000 
b              -0.574  1.000 


*******************************************************************************
Wed Jun 24 12:31:37 2026


FIT:    data read from "data.txt" using 1:2
        format = x:z
        #datapoints = 9
        residuals are weighted equally (unit weight)

function used for fitting: f(x)
	f(x) = a*x + b
fitted parameters initialized with current variable values

iter      chisq       delta/lim  lambda   a             b            
   0 1.5685440000e+06   0.00e+00  6.75e+02    1.000000e+00   1.000000e+00
   6 3.1433091041e+04  -1.84e-03  6.75e-04    4.855512e-01   1.144809e+02

After 6 iterations the fit converged.
final sum of squares of residuals : 31433.1
rel. change during last iteration : -1.84154e-08

degrees of freedom    (FIT_NDF)                        : 7
rms of residuals      (FIT_STDFIT) = sqrt(WSSR/ndf)    : 67.0108
variance of residuals (reduced chisquare) = WSSR/ndf   : 4490.44

Final set of parameters            Asymptotic Standard Error
=======================            ==========================
a               = 0.485551         +/- 0.03506      (7.222%)
b               = 114.481          +/- 33.45        (29.22%)

correlation matrix of the fit parameters:
                a      b      
a               1.000 
b              -0.744  1.000 


*******************************************************************************
Wed Jun 24 12:31:37 2026


FIT:    data read from "data.txt" using 1:3
        format = x:z
        #datapoints = 9
        residuals are weighted equally (unit weight)

function used for fitting: f(x)
	f(x) = a/x + b
fitted parameters initialized with current variable values

iter      chisq       delta/lim  lambda   a             b            
   0 1.0595514831e+06   0.00e+00  7.07e-01    1.000000e+00   1.000000e+00
   5 4.1293541783e+04  -1.06e-03  7.07e-06    1.071964e+04   2.731233e+02

After 5 iterations the fit converged.
final sum of squares of residuals : 41293.5
rel. change during last iteration : -1.0622e-08

degrees of freedom    (FIT_NDF)                        : 7
rms of residuals      (FIT_STDFIT) = sqrt(WSSR/ndf)    : 76.8055
variance of residuals (reduced chisquare) = WSSR/ndf   : 5899.08

Final set of parameters            Asymptotic Standard Error
=======================            ==========================
a               = 10719.6          +/- 3502         (32.67%)
b               = 273.123          +/- 31.27        (11.45%)

correlation matrix of the fit parameters:
                a      b      
a               1.000 
b              -0.574  1.000 


*******************************************************************************
Wed Jun 24 12:33:34 2026


FIT:    data read from "data.txt" using 1:2
        format = x:z
        #datapoints = 9
        residuals are weighted equally (unit weight)

function used for fitting: f(x)
	f(x) = a*x + b
fitted parameters initialized with current variable values

iter      chisq       delta/lim  lambda   a             b            
   0 1.8748970000e+06   0.00e+00  6.75e+02    1.000000e+00   1.000000e+00
   6 2.1105773369e+04  -1.39e-03  6.75e-04    4.646323e-01   8.166664e+01

After 6 iterations the fit converged.
final sum of squares of residuals : 21105.8
rel. change during last iteration : -1.38583e-08

degrees of freedom    (FIT_NDF)                        : 7
rms of residuals      (FIT_STDFIT) = sqrt(WSSR/ndf)    : 54.91
variance of residuals (reduced chisquare) = WSSR/ndf   : 3015.11

Final set of parameters            Asymptotic Standard Error
=======================            ==========================
a               = 0.464632         +/- 0.02873      (6.184%)
b               = 81.6666          +/- 27.41        (33.56%)

correlation matrix of the fit parameters:
                a      b      
a               1.000 
b              -0.744  1.000 


*******************************************************************************
Wed Jun 24 12:33:34 2026


FIT:    data read from "data.txt" using 1:3
        format = x:z
        #datapoints = 9
        residuals are weighted equally (unit weight)

function used for fitting: f(x)
	f(x) = a/x + b
fitted parameters initialized with current variable values

iter      chisq       delta/lim  lambda   a             b            
   0 1.0595514831e+06   0.00e+00  7.07e-01    1.000000e+00   1.000000e+00
   5 4.1293541783e+04  -1.06e-03  7.07e-06    1.071964e+04   2.731233e+02

After 5 iterations the fit converged.
final sum of squares of residuals : 41293.5
rel. change during last iteration : -1.0622e-08

degrees of freedom    (FIT_NDF)                        : 7
rms of residuals      (FIT_STDFIT) = sqrt(WSSR/ndf)    : 76.8055
variance of residuals (reduced chisquare) = WSSR/ndf   : 5899.08

Final set of parameters            Asymptotic Standard Error
=======================            ==========================
a               = 10719.6          +/- 3502         (32.67%)
b               = 273.123          +/- 31.27        (11.45%)

correlation matrix of the fit parameters:
                a      b      
a               1.000 
b              -0.574  1.000 


*******************************************************************************
Wed Jun 24 12:36:02 2026


FIT:    data read from "data.txt" using 1:2
        format = x:z
        #datapoints = 9
        residuals are weighted equally (unit weight)

function used for fitting: f(x)
	f(x) = a*x + b
fitted parameters initialized with current variable values

iter      chisq       delta/lim  lambda   a             b            
   0 1.8341780000e+06   0.00e+00  6.75e+02    1.000000e+00   1.000000e+00
   6 2.6545084278e+04  -1.36e-03  6.75e-04    4.645145e-01   9.052801e+01

After 6 iterations the fit converged.
final sum of squares of residuals : 26545.1
rel. change during last iteration : -1.35724e-08

degrees of freedom    (FIT_NDF)                        : 7
rms of residuals      (FIT_STDFIT) = sqrt(WSSR/ndf)    : 61.5805
variance of residuals (reduced chisquare) = WSSR/ndf   : 3792.15

Final set of parameters            Asymptotic Standard Error
=======================            ==========================
a               = 0.464515         +/- 0.03222      (6.937%)
b               = 90.528           +/- 30.74        (33.95%)

correlation matrix of the fit parameters:
                a      b      
a               1.000 
b              -0.744  1.000 


*******************************************************************************
Wed Jun 24 12:36:02 2026


FIT:    data read from "data.txt" using 1:3
        format = x:z
        #datapoints = 9
        residuals are weighted equally (unit weight)

function used for fitting: f(x)
	f(x) = a/x + b
fitted parameters initialized with current variable values

iter      chisq       delta/lim  lambda   a             b            
   0 1.0595514831e+06   0.00e+00  7.07e-01    1.000000e+00   1.000000e+00
   5 4.1293541783e+04  -1.06e-03  7.07e-06    1.071964e+04   2.731233e+02

After 5 iterations the fit converged.
final sum of squares of residuals : 41293.5
rel. change during last iteration : -1.0622e-08

degrees of freedom    (FIT_NDF)                        : 7
rms of residuals      (FIT_STDFIT) = sqrt(WSSR/ndf)    : 76.8055
variance of residuals (reduced chisquare) = WSSR/ndf   : 5899.08

Final set of parameters            Asymptotic Standard Error
=======================            ==========================
a               = 10719.6          +/- 3502         (32.67%)
b               = 273.123          +/- 31.27        (11.45%)

correlation matrix of the fit parameters:
                a      b      
a               1.000 
b              -0.574  1.000 


*******************************************************************************
Wed Jun 24 12:37:26 2026


FIT:    data read from "data.txt" using 1:2
        format = x:z
        #datapoints = 9
        residuals are weighted equally (unit weight)

function used for fitting: f(x)
	f(x) = a*x + b
fitted parameters initialized with current variable values

iter      chisq       delta/lim  lambda   a             b            
   0 1.7689290000e+06   0.00e+00  6.75e+02    1.000000e+00   1.000000e+00
   6 2.5962813400e+04  -1.91e-03  6.75e-04    4.626335e-01   1.059747e+02

After 6 iterations the fit converged.
final sum of squares of residuals : 25962.8
rel. change during last iteration : -1.90783e-08

degrees of freedom    (FIT_NDF)                        : 7
rms of residuals      (FIT_STDFIT) = sqrt(WSSR/ndf)    : 60.9013
variance of residuals (reduced chisquare) = WSSR/ndf   : 3708.97

Final set of parameters            Asymptotic Standard Error
=======================            ==========================
a               = 0.462633         +/- 0.03187      (6.888%)
b               = 105.975          +/- 30.4         (28.68%)

correlation matrix of the fit parameters:
                a      b      
a               1.000 
b              -0.744  1.000 


*******************************************************************************
Wed Jun 24 12:37:26 2026


FIT:    data read from "data.txt" using 1:3
        format = x:z
        #datapoints = 9
        residuals are weighted equally (unit weight)

function used for fitting: f(x)
	f(x) = a/x + b
fitted parameters initialized with current variable values

iter      chisq       delta/lim  lambda   a             b            
   0 1.0595514831e+06   0.00e+00  7.07e-01    1.000000e+00   1.000000e+00
   5 4.1293541783e+04  -1.06e-03  7.07e-06    1.071964e+04   2.731233e+02

After 5 iterations the fit converged.
final sum of squares of residuals : 41293.5
rel. change during last iteration : -1.0622e-08

degrees of freedom    (FIT_NDF)                        : 7
rms of residuals      (FIT_STDFIT) = sqrt(WSSR/ndf)    : 76.8055
variance of residuals (reduced chisquare) = WSSR/ndf   : 5899.08

Final set of parameters            Asymptotic Standard Error
=======================            ==========================
a               = 10719.6          +/- 3502         (32.67%)
b               = 273.123          +/- 31.27        (11.45%)

correlation matrix of the fit parameters:
                a      b      
a               1.000 
b              -0.574  1.000 


*******************************************************************************
Wed Jun 24 13:01:37 2026


FIT:    data read from "data.txt" using 1:2
        format = x:z
        #datapoints = 9
        residuals are weighted equally (unit weight)

function used for fitting: f(x)
	f(x) = a*x + b
fitted parameters initialized with current variable values

iter      chisq       delta/lim  lambda   a             b            
   0 1.6633360000e+06   0.00e+00  6.75e+02    1.000000e+00   1.000000e+00
   6 2.8619497043e+04  -1.76e-03  6.75e-04    4.767236e-01   1.069707e+02

After 6 iterations the fit converged.
final sum of squares of residuals : 28619.5
rel. change during last iteration : -1.76373e-08

degrees of freedom    (FIT_NDF)                        : 7
rms of residuals      (FIT_STDFIT) = sqrt(WSSR/ndf)    : 63.9414
variance of residuals (reduced chisquare) = WSSR/ndf   : 4088.5

Final set of parameters            Asymptotic Standard Error
=======================            ==========================
a               = 0.476724         +/- 0.03346      (7.018%)
b               = 106.971          +/- 31.92        (29.84%)

correlation matrix of the fit parameters:
                a      b      
a               1.000 
b              -0.744  1.000 


*******************************************************************************
Wed Jun 24 13:01:37 2026


FIT:    data read from "data.txt" using 1:2
        format = x:z
        #datapoints = 9
        residuals are weighted equally (unit weight)

function used for fitting: g(x)
	g(x) = c*x**d
fitted parameters initialized with current variable values

iter      chisq       delta/lim  lambda   c             d            
   0 1.6585650000e+06   0.00e+00  4.99e+03    1.000000e+00   1.000000e+00
  61 6.9616814098e+03  -1.51e-01  4.99e-03    5.246297e+00   6.919668e-01

After 61 iterations the fit converged.
final sum of squares of residuals : 6961.68
rel. change during last iteration : -1.51307e-06

degrees of freedom    (FIT_NDF)                        : 7
rms of residuals      (FIT_STDFIT) = sqrt(WSSR/ndf)    : 31.5361
variance of residuals (reduced chisquare) = WSSR/ndf   : 994.526

Final set of parameters            Asymptotic Standard Error
=======================            ==========================
c               = 5.2463           +/- 1.224        (23.33%)
d               = 0.691967         +/- 0.03252      (4.699%)

correlation matrix of the fit parameters:
                c      d      
c               1.000 
d              -0.997  1.000 


*******************************************************************************
Wed Jun 24 13:01:37 2026


FIT:    data read from "data.txt" using 1:3
        format = x:z
        #datapoints = 9
        residuals are weighted equally (unit weight)

function used for fitting: f(x)
	f(x) = a/x + b
fitted parameters initialized with current variable values

iter      chisq       delta/lim  lambda   a             b            
   0 1.0595514831e+06   0.00e+00  7.07e-01    1.000000e+00   1.000000e+00
   5 4.1293541783e+04  -1.06e-03  7.07e-06    1.071964e+04   2.731233e+02

After 5 iterations the fit converged.
final sum of squares of residuals : 41293.5
rel. change during last iteration : -1.0622e-08

degrees of freedom    (FIT_NDF)                        : 7
rms of residuals      (FIT_STDFIT) = sqrt(WSSR/ndf)    : 76.8055
variance of residuals (reduced chisquare) = WSSR/ndf   : 5899.08

Final set of parameters            Asymptotic Standard Error
=======================            ==========================
a               = 10719.6          +/- 3502         (32.67%)
b               = 273.123          +/- 31.27        (11.45%)

correlation matrix of the fit parameters:
                a      b      
a               1.000 
b              -0.574  1.000 


*******************************************************************************
Wed Jun 24 14:30:12 2026


FIT:    data read from "data.txt" using 1:2
        format = x:z
        #datapoints = 9
        residuals are weighted equally (unit weight)

function used for fitting: f(x)
	f(x) = a*x + b
fitted parameters initialized with current variable values

iter      chisq       delta/lim  lambda   a             b            
   0 4.9928020000e+06   0.00e+00  6.75e+02    1.000000e+00   1.000000e+00
   6 3.7498026121e+03  -1.81e-04  6.75e-04    2.099310e-01   1.328232e+01

After 6 iterations the fit converged.
final sum of squares of residuals : 3749.8
rel. change during last iteration : -1.80849e-09

degrees of freedom    (FIT_NDF)                        : 7
rms of residuals      (FIT_STDFIT) = sqrt(WSSR/ndf)    : 23.1449
variance of residuals (reduced chisquare) = WSSR/ndf   : 535.686

Final set of parameters            Asymptotic Standard Error
=======================            ==========================
a               = 0.209931         +/- 0.01211      (5.769%)
b               = 13.2823          +/- 11.55        (86.98%)

correlation matrix of the fit parameters:
                a      b      
a               1.000 
b              -0.744  1.000 


*******************************************************************************
Wed Jun 24 14:30:12 2026


FIT:    data read from "data.txt" using 1:2
        format = x:z
        #datapoints = 9
        residuals are weighted equally (unit weight)

function used for fitting: g(x)
	g(x) = c*x**d
fitted parameters initialized with current variable values

iter      chisq       delta/lim  lambda   c             d            
   0 4.9829350000e+06   0.00e+00  4.99e+03    1.000000e+00   1.000000e+00
   7 4.2219102049e+03  -1.64e-02  4.99e-03    3.332971e-01   9.431730e-01

After 7 iterations the fit converged.
final sum of squares of residuals : 4221.91
rel. change during last iteration : -1.63646e-07

degrees of freedom    (FIT_NDF)                        : 7
rms of residuals      (FIT_STDFIT) = sqrt(WSSR/ndf)    : 24.5587
variance of residuals (reduced chisquare) = WSSR/ndf   : 603.13

Final set of parameters            Asymptotic Standard Error
=======================            ==========================
c               = 0.333297         +/- 0.2044       (61.33%)
d               = 0.943173         +/- 0.08391      (8.896%)

correlation matrix of the fit parameters:
                c      d      
c               1.000 
d              -0.998  1.000 


*******************************************************************************
Wed Jun 24 14:30:12 2026


FIT:    data read from "data.txt" using 1:3
        format = x:z
        #datapoints = 9
        residuals are weighted equally (unit weight)

function used for fitting: f(x)
	f(x) = a/x + b
fitted parameters initialized with current variable values

iter      chisq       delta/lim  lambda   a             b            
   0 4.1385372772e+05   0.00e+00  7.07e-01    1.000000e+00   1.000000e+00
   5 7.7518308957e+04  -1.71e-04  7.07e-06    5.895571e+03  -2.176865e+02

After 5 iterations the fit converged.
final sum of squares of residuals : 77518.3
rel. change during last iteration : -1.71233e-09

degrees of freedom    (FIT_NDF)                        : 7
rms of residuals      (FIT_STDFIT) = sqrt(WSSR/ndf)    : 105.233
variance of residuals (reduced chisquare) = WSSR/ndf   : 11074

Final set of parameters            Asymptotic Standard Error
=======================            ==========================
a               = 5895.57          +/- 4798         (81.38%)
b               = -217.687         +/- 42.85        (19.68%)

correlation matrix of the fit parameters:
                a      b      
a               1.000 
b              -0.574  1.000 


*******************************************************************************
Wed Jun 24 14:30:56 2026


FIT:    data read from "data.txt" using 1:2
        format = x:z
        #datapoints = 9
        residuals are weighted equally (unit weight)

function used for fitting: f(x)
	f(x) = a*x + b
fitted parameters initialized with current variable values

iter      chisq       delta/lim  lambda   a             b            
   0 1.8554330000e+06   0.00e+00  6.75e+02    1.000000e+00   1.000000e+00
   6 4.1302095504e+04  -7.36e-04  6.75e-04    4.687093e-01   8.321642e+01

After 6 iterations the fit converged.
final sum of squares of residuals : 41302.1
rel. change during last iteration : -7.35645e-09

degrees of freedom    (FIT_NDF)                        : 7
rms of residuals      (FIT_STDFIT) = sqrt(WSSR/ndf)    : 76.8134
variance of residuals (reduced chisquare) = WSSR/ndf   : 5900.3

Final set of parameters            Asymptotic Standard Error
=======================            ==========================
a               = 0.468709         +/- 0.04019      (8.575%)
b               = 83.2164          +/- 38.34        (46.07%)

correlation matrix of the fit parameters:
                a      b      
a               1.000 
b              -0.744  1.000 


*******************************************************************************
Wed Jun 24 14:30:56 2026


FIT:    data read from "data.txt" using 1:2
        format = x:z
        #datapoints = 9
        residuals are weighted equally (unit weight)

function used for fitting: g(x)
	g(x) = c*x**d
fitted parameters initialized with current variable values

iter      chisq       delta/lim  lambda   c             d            
   0 1.8501320000e+06   0.00e+00  4.99e+03    1.000000e+00   1.000000e+00
  55 2.2649689891e+04  -1.42e-02  4.99e-04    3.749993e+00   7.317292e-01

After 55 iterations the fit converged.
final sum of squares of residuals : 22649.7
rel. change during last iteration : -1.4245e-07

degrees of freedom    (FIT_NDF)                        : 7
rms of residuals      (FIT_STDFIT) = sqrt(WSSR/ndf)    : 56.8829
variance of residuals (reduced chisquare) = WSSR/ndf   : 3235.67

Final set of parameters            Asymptotic Standard Error
=======================            ==========================
c               = 3.74999          +/- 1.739        (46.38%)
d               = 0.731729         +/- 0.06441      (8.803%)

correlation matrix of the fit parameters:
                c      d      
c               1.000 
d              -0.997  1.000 


*******************************************************************************
Wed Jun 24 14:30:56 2026


FIT:    data read from "data.txt" using 1:3
        format = x:z
        #datapoints = 9
        residuals are weighted equally (unit weight)

function used for fitting: f(x)
	f(x) = a/x + b
fitted parameters initialized with current variable values

iter      chisq       delta/lim  lambda   a             b            
   0 1.0595514831e+06   0.00e+00  7.07e-01    1.000000e+00   1.000000e+00
   5 4.1293541783e+04  -1.06e-03  7.07e-06    1.071964e+04   2.731233e+02

After 5 iterations the fit converged.
final sum of squares of residuals : 41293.5
rel. change during last iteration : -1.0622e-08

degrees of freedom    (FIT_NDF)                        : 7
rms of residuals      (FIT_STDFIT) = sqrt(WSSR/ndf)    : 76.8055
variance of residuals (reduced chisquare) = WSSR/ndf   : 5899.08

Final set of parameters            Asymptotic Standard Error
=======================            ==========================
a               = 10719.6          +/- 3502         (32.67%)
b               = 273.123          +/- 31.27        (11.45%)

correlation matrix of the fit parameters:
                a      b      
a               1.000 
b              -0.574  1.000 


*******************************************************************************
Wed Jun 24 14:37:51 2026


FIT:    data read from "data.txt" using 1:2
        format = x:z
        #datapoints = 9
        residuals are weighted equally (unit weight)

function used for fitting: f(x)
	f(x) = a*x + b
fitted parameters initialized with current variable values

iter      chisq       delta/lim  lambda   a             b            
   0 5.8788125000e+07   0.00e+00  6.75e+02    1.000000e+00   1.000000e+00
   6 4.9776886799e+07  -6.37e-06  6.75e-04    2.239614e+00  -2.645707e+02

After 6 iterations the fit converged.
final sum of squares of residuals : 4.97769e+07
rel. change during last iteration : -6.36877e-11

degrees of freedom    (FIT_NDF)                        : 7
rms of residuals      (FIT_STDFIT) = sqrt(WSSR/ndf)    : 2666.64
variance of residuals (reduced chisquare) = WSSR/ndf   : 7.11098e+06

Final set of parameters            Asymptotic Standard Error
=======================            ==========================
a               = 2.23961          +/- 1.395        (62.3%)
b               = -264.571         +/- 1331         (503.1%)

correlation matrix of the fit parameters:
                a      b      
a               1.000 
b              -0.744  1.000 


*******************************************************************************
Wed Jun 24 14:37:51 2026


FIT:    data read from "data.txt" using 1:2
        format = x:z
        #datapoints = 9
        residuals are weighted equally (unit weight)

function used for fitting: g(x)
	g(x) = c*x**d
fitted parameters initialized with current variable values

iter      chisq       delta/lim  lambda   c             d            
   0 5.8799196000e+07   0.00e+00  4.99e+03    1.000000e+00   1.000000e+00
   9 5.0058460562e+07  -7.77e-01  4.99e+01    1.960047e+00   1.004958e+00

After 9 iterations the fit converged.
final sum of squares of residuals : 5.00585e+07
rel. change during last iteration : -7.76611e-06

degrees of freedom    (FIT_NDF)                        : 7
rms of residuals      (FIT_STDFIT) = sqrt(WSSR/ndf)    : 2674.17
variance of residuals (reduced chisquare) = WSSR/ndf   : 7.15121e+06

Final set of parameters            Asymptotic Standard Error
=======================            ==========================
c               = 1.96005          +/- 15.07        (769.1%)
d               = 1.00496          +/- 1.049        (104.3%)

correlation matrix of the fit parameters:
                c      d      
c               1.000 
d              -0.998  1.000 


*******************************************************************************
Wed Jun 24 14:37:51 2026


FIT:    data read from "data.txt" using 1:3
        format = x:z
        #datapoints = 9
        residuals are weighted equally (unit weight)

function used for fitting: f(x)
	f(x) = a/x + b
fitted parameters initialized with current variable values

iter      chisq       delta/lim  lambda   a             b            
   0 1.2265959367e+08   0.00e+00  7.07e-01    1.000000e+00   1.000000e+00
   5 9.9561875694e+07  -2.38e-05  7.07e-06   -7.869721e+04   1.899799e+03

After 5 iterations the fit converged.
final sum of squares of residuals : 9.95619e+07
rel. change during last iteration : -2.37611e-10

degrees of freedom    (FIT_NDF)                        : 7
rms of residuals      (FIT_STDFIT) = sqrt(WSSR/ndf)    : 3771.36
variance of residuals (reduced chisquare) = WSSR/ndf   : 1.42231e+07

Final set of parameters            Asymptotic Standard Error
=======================            ==========================
a               = -78697.2         +/- 1.719e+05    (218.5%)
b               = 1899.8           +/- 1536         (80.83%)

correlation matrix of the fit parameters:
                a      b      
a               1.000 
b              -0.574  1.000 


*******************************************************************************
Wed Jun 24 14:38:49 2026


FIT:    data read from "data.txt" using 1:2
        format = x:z
        #datapoints = 9
        residuals are weighted equally (unit weight)

function used for fitting: f(x)
	f(x) = a*x + b
fitted parameters initialized with current variable values

iter      chisq       delta/lim  lambda   a             b            
   0 1.8511480000e+06   0.00e+00  6.75e+02    1.000000e+00   1.000000e+00
   6 2.5866210366e+04  -6.54e-04  6.75e-04    4.819643e-01   6.236091e+01

After 6 iterations the fit converged.
final sum of squares of residuals : 25866.2
rel. change during last iteration : -6.54298e-09

degrees of freedom    (FIT_NDF)                        : 7
rms of residuals      (FIT_STDFIT) = sqrt(WSSR/ndf)    : 60.7879
variance of residuals (reduced chisquare) = WSSR/ndf   : 3695.17

Final set of parameters            Asymptotic Standard Error
=======================            ==========================
a               = 0.481964         +/- 0.03181      (6.6%)
b               = 62.3609          +/- 30.34        (48.65%)

correlation matrix of the fit parameters:
                a      b      
a               1.000 
b              -0.744  1.000 


*******************************************************************************
Wed Jun 24 14:38:49 2026


FIT:    data read from "data.txt" using 1:2
        format = x:z
        #datapoints = 9
        residuals are weighted equally (unit weight)

function used for fitting: g(x)
	g(x) = c*x**d
fitted parameters initialized with current variable values

iter      chisq       delta/lim  lambda   c             d            
   0 1.8456410000e+06   0.00e+00  4.99e+03    1.000000e+00   1.000000e+00
  41 1.7277017557e+04  -1.09e-02  4.99e-03    2.403337e+00   7.922822e-01

After 41 iterations the fit converged.
final sum of squares of residuals : 17277
rel. change during last iteration : -1.08999e-07

degrees of freedom    (FIT_NDF)                        : 7
rms of residuals      (FIT_STDFIT) = sqrt(WSSR/ndf)    : 49.6804
variance of residuals (reduced chisquare) = WSSR/ndf   : 2468.15

Final set of parameters            Asymptotic Standard Error
=======================            ==========================
c               = 2.40334          +/- 1.052        (43.78%)
d               = 0.792282         +/- 0.0605       (7.637%)

correlation matrix of the fit parameters:
                c      d      
c               1.000 
d              -0.997  1.000 


*******************************************************************************
Wed Jun 24 14:38:49 2026


FIT:    data read from "data.txt" using 1:3
        format = x:z
        #datapoints = 9
        residuals are weighted equally (unit weight)

function used for fitting: f(x)
	f(x) = a/x + b
fitted parameters initialized with current variable values

iter      chisq       delta/lim  lambda   a             b            
   0 1.0595514831e+06   0.00e+00  7.07e-01    1.000000e+00   1.000000e+00
   5 4.1293541783e+04  -1.06e-03  7.07e-06    1.071964e+04   2.731233e+02

After 5 iterations the fit converged.
final sum of squares of residuals : 41293.5
rel. change during last iteration : -1.0622e-08

degrees of freedom    (FIT_NDF)                        : 7
rms of residuals      (FIT_STDFIT) = sqrt(WSSR/ndf)    : 76.8055
variance of residuals (reduced chisquare) = WSSR/ndf   : 5899.08

Final set of parameters            Asymptotic Standard Error
=======================            ==========================
a               = 10719.6          +/- 3502         (32.67%)
b               = 273.123          +/- 31.27        (11.45%)

correlation matrix of the fit parameters:
                a      b      
a               1.000 
b              -0.574  1.000 


*******************************************************************************
Wed Jun 24 14:40:25 2026


FIT:    data read from "data.txt" using 1:2
        format = x:z
        #datapoints = 9
        residuals are weighted equally (unit weight)

function used for fitting: f(x)
	f(x) = a*x + b
fitted parameters initialized with current variable values

iter      chisq       delta/lim  lambda   a             b            
   0 1.8951160000e+06   0.00e+00  6.75e+02    1.000000e+00   1.000000e+00
   6 2.2119625185e+04  -1.11e-03  6.75e-04    4.669870e-01   7.477255e+01

After 6 iterations the fit converged.
final sum of squares of residuals : 22119.6
rel. change during last iteration : -1.10595e-08

degrees of freedom    (FIT_NDF)                        : 7
rms of residuals      (FIT_STDFIT) = sqrt(WSSR/ndf)    : 56.2134
variance of residuals (reduced chisquare) = WSSR/ndf   : 3159.95

Final set of parameters            Asymptotic Standard Error
=======================            ==========================
a               = 0.466987         +/- 0.02941      (6.299%)
b               = 74.7725          +/- 28.06        (37.52%)

correlation matrix of the fit parameters:
                a      b      
a               1.000 
b              -0.744  1.000 


*******************************************************************************
Wed Jun 24 14:40:25 2026


FIT:    data read from "data.txt" using 1:2
        format = x:z
        #datapoints = 9
        residuals are weighted equally (unit weight)

function used for fitting: g(x)
	g(x) = c*x**d
fitted parameters initialized with current variable values

iter      chisq       delta/lim  lambda   c             d            
   0 1.8896410000e+06   0.00e+00  4.99e+03    1.000000e+00   1.000000e+00
  49 1.0400750889e+04  -5.95e-01  4.99e-03    3.067429e+00   7.572463e-01

After 49 iterations the fit converged.
final sum of squares of residuals : 10400.8
rel. change during last iteration : -5.94736e-06

degrees of freedom    (FIT_NDF)                        : 7
rms of residuals      (FIT_STDFIT) = sqrt(WSSR/ndf)    : 38.5464
variance of residuals (reduced chisquare) = WSSR/ndf   : 1485.82

Final set of parameters            Asymptotic Standard Error
=======================            ==========================
c               = 3.06743          +/- 1.01         (32.93%)
d               = 0.757246         +/- 0.04564      (6.027%)

correlation matrix of the fit parameters:
                c      d      
c               1.000 
d              -0.997  1.000 


*******************************************************************************
Wed Jun 24 14:40:25 2026


FIT:    data read from "data.txt" using 1:3
        format = x:z
        #datapoints = 9
        residuals are weighted equally (unit weight)

function used for fitting: f(x)
	f(x) = a/x + b
fitted parameters initialized with current variable values

iter      chisq       delta/lim  lambda   a             b            
   0 1.0595514831e+06   0.00e+00  7.07e-01    1.000000e+00   1.000000e+00
   5 4.1293541783e+04  -1.06e-03  7.07e-06    1.071964e+04   2.731233e+02

After 5 iterations the fit converged.
final sum of squares of residuals : 41293.5
rel. change during last iteration : -1.0622e-08

degrees of freedom    (FIT_NDF)                        : 7
rms of residuals      (FIT_STDFIT) = sqrt(WSSR/ndf)    : 76.8055
variance of residuals (reduced chisquare) = WSSR/ndf   : 5899.08

Final set of parameters            Asymptotic Standard Error
=======================            ==========================
a               = 10719.6          +/- 3502         (32.67%)
b               = 273.123          +/- 31.27        (11.45%)

correlation matrix of the fit parameters:
                a      b      
a               1.000 
b              -0.574  1.000 


*******************************************************************************
Wed Jun 24 14:41:28 2026


FIT:    data read from "data.txt" using 1:2
        format = x:z
        #datapoints = 9
        residuals are weighted equally (unit weight)

function used for fitting: f(x)
	f(x) = a*x + b
fitted parameters initialized with current variable values

iter      chisq       delta/lim  lambda   a             b            
   0 4.5893003000e+07   0.00e+00  6.75e+02    1.000000e+00   1.000000e+00
   6 3.9805748161e+07  -6.08e-06  6.75e-04    2.027816e+00  -2.310828e+02

After 6 iterations the fit converged.
final sum of squares of residuals : 3.98057e+07
rel. change during last iteration : -6.08224e-11

degrees of freedom    (FIT_NDF)                        : 7
rms of residuals      (FIT_STDFIT) = sqrt(WSSR/ndf)    : 2384.65
variance of residuals (reduced chisquare) = WSSR/ndf   : 5.68654e+06

Final set of parameters            Asymptotic Standard Error
=======================            ==========================
a               = 2.02782          +/- 1.248        (61.53%)
b               = -231.083         +/- 1190         (515.1%)

correlation matrix of the fit parameters:
                a      b      
a               1.000 
b              -0.744  1.000 


*******************************************************************************
Wed Jun 24 14:41:28 2026


FIT:    data read from "data.txt" using 1:2
        format = x:z
        #datapoints = 9
        residuals are weighted equally (unit weight)

function used for fitting: g(x)
	g(x) = c*x**d
fitted parameters initialized with current variable values

iter      chisq       delta/lim  lambda   c             d            
   0 4.5901970000e+07   0.00e+00  4.99e+03    1.000000e+00   1.000000e+00
   9 4.0020400448e+07  -8.89e-01  4.99e+01    1.816354e+00   1.002264e+00

After 9 iterations the fit converged.
final sum of squares of residuals : 4.00204e+07
rel. change during last iteration : -8.88562e-06

degrees of freedom    (FIT_NDF)                        : 7
rms of residuals      (FIT_STDFIT) = sqrt(WSSR/ndf)    : 2391.07
variance of residuals (reduced chisquare) = WSSR/ndf   : 5.7172e+06

Final set of parameters            Asymptotic Standard Error
=======================            ==========================
c               = 1.81635          +/- 13.71        (754.9%)
d               = 1.00226          +/- 1.029        (102.7%)

correlation matrix of the fit parameters:
                c      d      
c               1.000 
d              -0.998  1.000 


*******************************************************************************
Wed Jun 24 14:41:28 2026


FIT:    data read from "data.txt" using 1:3
        format = x:z
        #datapoints = 9
        residuals are weighted equally (unit weight)

function used for fitting: f(x)
	f(x) = a/x + b
fitted parameters initialized with current variable values

iter      chisq       delta/lim  lambda   a             b            
   0 1.2265959367e+08   0.00e+00  7.07e-01    1.000000e+00   1.000000e+00
   5 9.9561875694e+07  -2.38e-05  7.07e-06   -7.869721e+04   1.899799e+03

After 5 iterations the fit converged.
final sum of squares of residuals : 9.95619e+07
rel. change during last iteration : -2.37611e-10

degrees of freedom    (FIT_NDF)                        : 7
rms of residuals      (FIT_STDFIT) = sqrt(WSSR/ndf)    : 3771.36
variance of residuals (reduced chisquare) = WSSR/ndf   : 1.42231e+07

Final set of parameters            Asymptotic Standard Error
=======================            ==========================
a               = -78697.2         +/- 1.719e+05    (218.5%)
b               = 1899.8           +/- 1536         (80.83%)

correlation matrix of the fit parameters:
                a      b      
a               1.000 
b              -0.574  1.000 


*******************************************************************************
Wed Jun 24 14:54:00 2026


FIT:    data read from "data.txt" using 1:2
        format = x:z
        #datapoints = 9
        residuals are weighted equally (unit weight)

function used for fitting: f(x)
	f(x) = a*x + b
fitted parameters initialized with current variable values

iter      chisq       delta/lim  lambda   a             b            
   0 1.8306050000e+06   0.00e+00  6.75e+02    1.000000e+00   1.000000e+00
   6 2.8771197744e+04  -6.48e-04  6.75e-04    4.828487e-01   6.539965e+01

After 6 iterations the fit converged.
final sum of squares of residuals : 28771.2
rel. change during last iteration : -6.47938e-09

degrees of freedom    (FIT_NDF)                        : 7
rms of residuals      (FIT_STDFIT) = sqrt(WSSR/ndf)    : 64.1106
variance of residuals (reduced chisquare) = WSSR/ndf   : 4110.17

Final set of parameters            Asymptotic Standard Error
=======================            ==========================
a               = 0.482849         +/- 0.03355      (6.948%)
b               = 65.3996          +/- 32           (48.93%)

correlation matrix of the fit parameters:
                a      b      
a               1.000 
b              -0.744  1.000 


*******************************************************************************
Wed Jun 24 14:54:00 2026


FIT:    data read from "data.txt" using 1:2
        format = x:z
        #datapoints = 9
        residuals are weighted equally (unit weight)

function used for fitting: g(x)
	g(x) = c*x**d
fitted parameters initialized with current variable values

iter      chisq       delta/lim  lambda   c             d            
   0 1.8251640000e+06   0.00e+00  4.99e+03    1.000000e+00   1.000000e+00
  45 1.4945760238e+04  -1.56e-01  4.99e-03    2.749940e+00   7.745870e-01

After 45 iterations the fit converged.
final sum of squares of residuals : 14945.8
rel. change during last iteration : -1.55586e-06

degrees of freedom    (FIT_NDF)                        : 7
rms of residuals      (FIT_STDFIT) = sqrt(WSSR/ndf)    : 46.2072
variance of residuals (reduced chisquare) = WSSR/ndf   : 2135.11

Final set of parameters            Asymptotic Standard Error
=======================            ==========================
c               = 2.74994          +/- 1.09         (39.64%)
d               = 0.774587         +/- 0.05485      (7.082%)

correlation matrix of the fit parameters:
                c      d      
c               1.000 
d              -0.997  1.000 


*******************************************************************************
Wed Jun 24 14:54:00 2026


FIT:    data read from "data.txt" using 1:3
        format = x:z
        #datapoints = 9
        residuals are weighted equally (unit weight)

function used for fitting: f(x)
	f(x) = a/x + b
fitted parameters initialized with current variable values

iter      chisq       delta/lim  lambda   a             b            
   0 1.0595514831e+06   0.00e+00  7.07e-01    1.000000e+00   1.000000e+00
   5 4.1293541783e+04  -1.06e-03  7.07e-06    1.071964e+04   2.731233e+02

After 5 iterations the fit converged.
final sum of squares of residuals : 41293.5
rel. change during last iteration : -1.0622e-08

degrees of freedom    (FIT_NDF)                        : 7
rms of residuals      (FIT_STDFIT) = sqrt(WSSR/ndf)    : 76.8055
variance of residuals (reduced chisquare) = WSSR/ndf   : 5899.08

Final set of parameters            Asymptotic Standard Error
=======================            ==========================
a               = 10719.6          +/- 3502         (32.67%)
b               = 273.123          +/- 31.27        (11.45%)

correlation matrix of the fit parameters:
                a      b      
a               1.000 
b              -0.574  1.000 


*******************************************************************************
Wed Jun 24 15:01:01 2026


FIT:    data read from "data.txt" using 1:2
        format = x:z
        #datapoints = 9
        residuals are weighted equally (unit weight)

function used for fitting: f(x)
	f(x) = a*x + b
fitted parameters initialized with current variable values

iter      chisq       delta/lim  lambda   a             b            
   0 5.1927190000e+06   0.00e+00  6.75e+02    1.000000e+00   1.000000e+00
   6 8.8247002902e+03  -2.68e-04  6.75e-04    1.866437e-01   2.392744e+01

After 6 iterations the fit converged.
final sum of squares of residuals : 8824.7
rel. change during last iteration : -2.67765e-09

degrees of freedom    (FIT_NDF)                        : 7
rms of residuals      (FIT_STDFIT) = sqrt(WSSR/ndf)    : 35.5059
variance of residuals (reduced chisquare) = WSSR/ndf   : 1260.67

Final set of parameters            Asymptotic Standard Error
=======================            ==========================
a               = 0.186644         +/- 0.01858      (9.954%)
b               = 23.9274          +/- 17.72        (74.07%)

correlation matrix of the fit parameters:
                a      b      
a               1.000 
b              -0.744  1.000 


*******************************************************************************
Wed Jun 24 15:01:01 2026


FIT:    data read from "data.txt" using 1:2
        format = x:z
        #datapoints = 9
        residuals are weighted equally (unit weight)

function used for fitting: g(x)
	g(x) = c*x**d
fitted parameters initialized with current variable values

iter      chisq       delta/lim  lambda   c             d            
   0 5.1827460000e+06   0.00e+00  4.99e+03    1.000000e+00   1.000000e+00
   7 9.9983759613e+03  -1.01e-01  4.99e-03    5.352312e-01   8.683381e-01

After 7 iterations the fit converged.
final sum of squares of residuals : 9998.38
rel. change during last iteration : -1.01054e-06

degrees of freedom    (FIT_NDF)                        : 7
rms of residuals      (FIT_STDFIT) = sqrt(WSSR/ndf)    : 37.7934
variance of residuals (reduced chisquare) = WSSR/ndf   : 1428.34

Final set of parameters            Asymptotic Standard Error
=======================            ==========================
c               = 0.535231         +/- 0.5015       (93.71%)
d               = 0.868338         +/- 0.1288       (14.83%)

correlation matrix of the fit parameters:
                c      d      
c               1.000 
d              -0.998  1.000 


*******************************************************************************
Wed Jun 24 15:01:01 2026


FIT:    data read from "data.txt" using 1:3
        format = x:z
        #datapoints = 9
        residuals are weighted equally (unit weight)

function used for fitting: f(x)
	f(x) = a/x + b
fitted parameters initialized with current variable values

iter      chisq       delta/lim  lambda   a             b            
   0 4.1385372772e+05   0.00e+00  7.07e-01    1.000000e+00   1.000000e+00
   5 7.7518308957e+04  -1.71e-04  7.07e-06    5.895571e+03  -2.176865e+02

After 5 iterations the fit converged.
final sum of squares of residuals : 77518.3
rel. change during last iteration : -1.71233e-09

degrees of freedom    (FIT_NDF)                        : 7
rms of residuals      (FIT_STDFIT) = sqrt(WSSR/ndf)    : 105.233
variance of residuals (reduced chisquare) = WSSR/ndf   : 11074

Final set of parameters            Asymptotic Standard Error
=======================            ==========================
a               = 5895.57          +/- 4798         (81.38%)
b               = -217.687         +/- 42.85        (19.68%)

correlation matrix of the fit parameters:
                a      b      
a               1.000 
b              -0.574  1.000 


*******************************************************************************
Wed Jun 24 15:01:22 2026


FIT:    data read from "data.txt" using 1:2
        format = x:z
        #datapoints = 9
        residuals are weighted equally (unit weight)

function used for fitting: f(x)
	f(x) = a*x + b
fitted parameters initialized with current variable values

iter      chisq       delta/lim  lambda   a             b            
   0 1.8359730000e+06   0.00e+00  6.75e+02    1.000000e+00   1.000000e+00
   6 1.5492282131e+04  -1.37e-03  6.75e-04    4.773014e-01   6.978271e+01

After 6 iterations the fit converged.
final sum of squares of residuals : 15492.3
rel. change during last iteration : -1.37267e-08

degrees of freedom    (FIT_NDF)                        : 7
rms of residuals      (FIT_STDFIT) = sqrt(WSSR/ndf)    : 47.0445
variance of residuals (reduced chisquare) = WSSR/ndf   : 2213.18

Final set of parameters            Asymptotic Standard Error
=======================            ==========================
a               = 0.477301         +/- 0.02462      (5.157%)
b               = 69.7827          +/- 23.48        (33.65%)

correlation matrix of the fit parameters:
                a      b      
a               1.000 
b              -0.744  1.000 


*******************************************************************************
Wed Jun 24 15:01:22 2026


FIT:    data read from "data.txt" using 1:2
        format = x:z
        #datapoints = 9
        residuals are weighted equally (unit weight)

function used for fitting: g(x)
	g(x) = c*x**d
fitted parameters initialized with current variable values

iter      chisq       delta/lim  lambda   c             d            
   0 1.8305400000e+06   0.00e+00  4.99e+03    1.000000e+00   1.000000e+00
  44 7.5004602787e+03  -8.83e-02  4.99e-03    2.645973e+00   7.792990e-01

After 44 iterations the fit converged.
final sum of squares of residuals : 7500.46
rel. change during last iteration : -8.83193e-07

degrees of freedom    (FIT_NDF)                        : 7
rms of residuals      (FIT_STDFIT) = sqrt(WSSR/ndf)    : 32.7337
variance of residuals (reduced chisquare) = WSSR/ndf   : 1071.49

Final set of parameters            Asymptotic Standard Error
=======================            ==========================
c               = 2.64597          +/- 0.7503       (28.36%)
d               = 0.779299         +/- 0.03923      (5.034%)

correlation matrix of the fit parameters:
                c      d      
c               1.000 
d              -0.997  1.000 


*******************************************************************************
Wed Jun 24 15:01:22 2026


FIT:    data read from "data.txt" using 1:3
        format = x:z
        #datapoints = 9
        residuals are weighted equally (unit weight)

function used for fitting: f(x)
	f(x) = a/x + b
fitted parameters initialized with current variable values

iter      chisq       delta/lim  lambda   a             b            
   0 1.0595514831e+06   0.00e+00  7.07e-01    1.000000e+00   1.000000e+00
   5 4.1293541783e+04  -1.06e-03  7.07e-06    1.071964e+04   2.731233e+02

After 5 iterations the fit converged.
final sum of squares of residuals : 41293.5
rel. change during last iteration : -1.0622e-08

degrees of freedom    (FIT_NDF)                        : 7
rms of residuals      (FIT_STDFIT) = sqrt(WSSR/ndf)    : 76.8055
variance of residuals (reduced chisquare) = WSSR/ndf   : 5899.08

Final set of parameters            Asymptotic Standard Error
=======================            ==========================
a               = 10719.6          +/- 3502         (32.67%)
b               = 273.123          +/- 31.27        (11.45%)

correlation matrix of the fit parameters:
                a      b      
a               1.000 
b              -0.574  1.000 
