

*******************************************************************************
Wed Mar  4 19:31:45 2026


FIT:    data read from "out.times-2.txt" using 1:2
        format = x:z
        #datapoints = 18
        residuals are weighted equally (unit weight)

function used for fitting: f(x)
	f(x) = a*x*x*x + b*x*x + c*x + d
fitted parameters initialized with current variable values

iter      chisq       delta/lim  lambda   a             b             c             d            
   0 1.9616519244e+18   0.00e+00  1.65e+08    1.000000e+00   1.000000e+00   1.000000e+00   1.000000e+00
  11 2.4848159897e+03  -9.28e-01  1.65e-03    1.832014e-07  -1.368663e-04   4.307997e-02  -3.512075e+00

After 11 iterations the fit converged.
final sum of squares of residuals : 2484.82
rel. change during last iteration : -9.27603e-06

degrees of freedom    (FIT_NDF)                        : 14
rms of residuals      (FIT_STDFIT) = sqrt(WSSR/ndf)    : 13.3224
variance of residuals (reduced chisquare) = WSSR/ndf   : 177.487

Final set of parameters            Asymptotic Standard Error
=======================            ==========================
a               = 1.83201e-07      +/- 2.495e-07    (136.2%)
b               = -0.000136866     +/- 0.0003781    (276.2%)
c               = 0.04308          +/- 0.167        (387.7%)
d               = -3.51207         +/- 20.37        (579.9%)

correlation matrix of the fit parameters:
                a      b      c      d      
a               1.000 
b              -0.990  1.000 
c               0.944 -0.980  1.000 
d              -0.808  0.869 -0.940  1.000 


*******************************************************************************
Wed Mar  4 19:36:42 2026


FIT:    data read from "out.times-2.txt" using 1:2
        format = x:z
        #datapoints = 41
        residuals are weighted equally (unit weight)

function used for fitting: f(x)
	f(x) = a*x*x*x + b*x*x + c*x + d
fitted parameters initialized with current variable values

iter      chisq       delta/lim  lambda   a             b             c             d            
   0 1.2012942276e+17   0.00e+00  2.70e+07    1.000000e+00   1.000000e+00   1.000000e+00   1.000000e+00
  11 3.5878801252e+01  -4.24e-04  2.70e-04   -1.488179e-07   1.504611e-04  -1.661130e-02   3.266746e-01

After 11 iterations the fit converged.
final sum of squares of residuals : 35.8788
rel. change during last iteration : -4.23566e-09

degrees of freedom    (FIT_NDF)                        : 37
rms of residuals      (FIT_STDFIT) = sqrt(WSSR/ndf)    : 0.984732
variance of residuals (reduced chisquare) = WSSR/ndf   : 0.969697

Final set of parameters            Asymptotic Standard Error
=======================            ==========================
a               = -1.48818e-07     +/- 1.186e-07    (79.67%)
b               = 0.000150461      +/- 0.0001074    (71.39%)
c               = -0.0166113       +/- 0.02998      (180.5%)
d               = 0.326675         +/- 2.523        (772.3%)

correlation matrix of the fit parameters:
                a      b      c      d      
a               1.000 
b              -0.993  1.000 
c               0.968 -0.990  1.000 
d              -0.914  0.950 -0.983  1.000 


*******************************************************************************
Wed Mar  4 19:42:48 2026


FIT:    data read from "out.times-2.txt" using 1:2
        format = x:z
        #datapoints = 41
        residuals are weighted equally (unit weight)

function used for fitting: f(x)
	f(x) = a*x*x*x + b*x*x + c*x + d
fitted parameters initialized with current variable values

iter      chisq       delta/lim  lambda   a             b             c             d            
   0 1.2012942779e+17   0.00e+00  2.70e+07    1.000000e+00   1.000000e+00   1.000000e+00   1.000000e+00
  11 1.1159149769e+01  -7.83e-04  2.70e-04   -1.736486e-07   1.754701e-04  -2.930966e-02   1.489760e+00

After 11 iterations the fit converged.
final sum of squares of residuals : 11.1591
rel. change during last iteration : -7.8349e-09

degrees of freedom    (FIT_NDF)                        : 37
rms of residuals      (FIT_STDFIT) = sqrt(WSSR/ndf)    : 0.54918
variance of residuals (reduced chisquare) = WSSR/ndf   : 0.301599

Final set of parameters            Asymptotic Standard Error
=======================            ==========================
a               = -1.73649e-07     +/- 6.612e-08    (38.08%)
b               = 0.00017547       +/- 5.991e-05    (34.14%)
c               = -0.0293097       +/- 0.01672      (57.04%)
d               = 1.48976          +/- 1.407        (94.44%)

correlation matrix of the fit parameters:
                a      b      c      d      
a               1.000 
b              -0.993  1.000 
c               0.968 -0.990  1.000 
d              -0.914  0.950 -0.983  1.000 
