

*******************************************************************************
Wed Feb 25 15:51:40 2026


FIT:    data read from "out.times.data" using 1:2
        format = x:z
        #datapoints = 25
        residuals are weighted equally (unit weight)

function used for fitting: f(x)
	f(x) = a*x*x*x + b*x*x + c*x + d
fitted parameters initialized with current variable values

iter      chisq       delta/lim  lambda   a             b             c             d            
   0 6.4222149418e+16   0.00e+00  2.53e+07    1.000000e+00   1.000000e+00   1.000000e+00   1.000000e+00
  11 1.0308960508e-03  -6.84e-02  2.53e-04    4.109518e-09   3.175569e-08  -2.537780e-05  -3.106718e-04

After 11 iterations the fit converged.
final sum of squares of residuals : 0.0010309
rel. change during last iteration : -6.84151e-07

degrees of freedom    (FIT_NDF)                        : 21
rms of residuals      (FIT_STDFIT) = sqrt(WSSR/ndf)    : 0.00700645
variance of residuals (reduced chisquare) = WSSR/ndf   : 4.90903e-05

Final set of parameters            Asymptotic Standard Error
=======================            ==========================
a               = 4.10952e-09      +/- 5.999e-10    (14.6%)
b               = 3.17557e-08      +/- 4.74e-07     (1493%)
c               = -2.53778e-05     +/- 0.0001072    (422.3%)
d               = -0.000310672     +/- 0.006563     (2113%)

correlation matrix of the fit parameters:
                a      b      c      d      
a               1.000 
b              -0.987  1.000 
c               0.926 -0.973  1.000 
d              -0.719  0.795 -0.898  1.000 


*******************************************************************************
Wed Feb 25 15:54:11 2026


FIT:    data read from "out.times.data" using 1:2
        format = x:z
        #datapoints = 25
        residuals are weighted equally (unit weight)

function used for fitting: f(x)
	f(x) = a*x*x*x + b*x*x + c*x + d
fitted parameters initialized with current variable values

iter      chisq       delta/lim  lambda   a             b             c             d            
   0 6.4222149396e+16   0.00e+00  2.53e+07    1.000000e+00   1.000000e+00   1.000000e+00   1.000000e+00
  11 1.0181299956e-03  -6.92e-02  2.53e-04    4.381186e-09  -1.524441e-08  -2.502787e-05   1.707511e-04

After 11 iterations the fit converged.
final sum of squares of residuals : 0.00101813
rel. change during last iteration : -6.92053e-07

degrees of freedom    (FIT_NDF)                        : 21
rms of residuals      (FIT_STDFIT) = sqrt(WSSR/ndf)    : 0.00696293
variance of residuals (reduced chisquare) = WSSR/ndf   : 4.84824e-05

Final set of parameters            Asymptotic Standard Error
=======================            ==========================
a               = 4.38119e-09      +/- 5.962e-10    (13.61%)
b               = -1.52444e-08     +/- 4.71e-07     (3090%)
c               = -2.50279e-05     +/- 0.0001065    (425.6%)
d               = 0.000170751      +/- 0.006523     (3820%)

correlation matrix of the fit parameters:
                a      b      c      d      
a               1.000 
b              -0.987  1.000 
c               0.926 -0.973  1.000 
d              -0.719  0.795 -0.898  1.000 
